Microchip MPLAB XC8 Compiler V3.00

Linker command line:

-W-3 \
  --edf=C:\Program Files\Microchip\xc8\v3.00\pic\dat\20241204225717_en.msgs \
  -cn -h+dist/default/production\ECU2_PROJECT.X.production.sym \
  --cmf=dist/default/production\ECU2_PROJECT.X.production.cmf -z -Q18F4580 \
  -oC:\Users\NUCLEU~1\AppData\Local\Temp\xcAs1uc.\driver_tmp_3.o \
  --defsym=__MPLAB_BUILD=1 --fixupoverflow=error \
  -Mdist/default/production/ECU2_PROJECT.X.production.map \
  --md=C:\Users\NUCLEU~1\AppData\Local\Temp\xcAs1uc.\driver_tmp_0.dat -E1 \
  -ver=XC8 Compiler -ACODE=00h-03000h -ACONST=00h-03000h \
  -ASMALLCONST=0600h-06FFhx42,03000h-03000h -AMEDIUMCONST=0600h-03000h \
  -ACOMRAM=01h-05Fh -AABS1=00h-05FFh -ABIGRAM=01h-05FFh \
  -ARAM=060h-0FFh,0100h-01FFhx5 -ABANK0=060h-0FFh -ABANK1=0100h-01FFh \
  -ABANK2=0200h-02FFh -ABANK3=0300h-03FFh -ABANK4=0400h-04FFh \
  -ABANK5=0500h-05FFh -ASFR=0D00h-0DFFhx2,0F00h-0F5Fh,0F60h-0FFFh \
  -ABIGSFR=0D00h-0FFFh -ACONFIG=0300000h-030000Dh -AIDLOC=0200000h-0200007h \
  -AEEDATA=0F00000h-0F000FFh -peeprom_data=EEDATA \
  -preset_vec=00h,intcode=8h,intcodelo=18h,sivt_lo,sivt_hi=CODE \
  -ppowerup=CODE,init -pramtop=0600h -psmallconst=SMALLCONST \
  -pmediumconst=MEDIUMCONST -pconst=CONST -AFARRAM=00h-00h \
  -prdata=COMRAM,nvrram=COMRAM,nvbit=COMRAM,rbss=COMRAM,rbit=COMRAM \
  -pfarbss=FARRAM,fardata=FARRAM,nvFARRAM=FARRAM \
  -pintsave_regs=BIGRAM,bigbss=BIGRAM,bigdata=BIGRAM -pbss=RAM \
  -pidata=CODE,irdata=CODE,ibigdata=CODE,ifardata=CODE -prparam=COMRAM \
  C:\Users\NUCLEU~1\AppData\Local\Temp\xcAs1uc.\driver_tmp_14.o \
  dist/default/production\ECU2_PROJECT.X.production.o 

Object code version is 3.11

Machine type is 18F4580



                Name                               Link     Load   Length Selector   Space Scale
C:\Users\NUCLEU~1\AppData\Local\Temp\xcAs1uc.\driver_tmp_14.o
                idloc                            200000   200000        8        0       5
                config                           300000   300000        E        0       4
                init                               2FFC     2FFC        4     17FE       0
                reset_vec                             0        0        4        0       0
dist/default/production\ECU2_PROJECT.X.production.o
                idloc                            200000   200000        8        0       5
                config                           300000   300000        E        0       4
                mediumconst                        2FE8     2FE8       14     17F4       0
                text19                             2C58     2C58      390     162C       0
                text18                             25CC     25CC      106     12E6       0
                text17                             2858     2858      1B4     142C       0
                text16                             21E0     21E0       3C     10F0       0
                text15                             2490     2490       92     1248       0
                text14                             218C     218C       1C     10C6       0
                text13                             22A4     22A4       4C     1152       0
                text12                             2148     2148        8     10A4       0
                text11                             2150     2150       10     10A8       0
                text10                             2160     2160       12     10B0       0
                text9                              225E     225E       46     112F       0
                text8                              23A8     23A8       74     11D4       0
                text7                              241C     241C       74     120E       0
                text6                              2344     2344       64     11A2       0
                text5                              2146     2146        2     10A3       0
                text4                              2522     2522       AA     1291       0
                text3                              26D2     26D2      186     1369       0
                text2                              221C     221C       42     110E       0
                text1                              21A8     21A8       38     10D4       0
                text0                              2A0C     2A0C      24C     1506       0
                cstackCOMRAM                          1        1       3F        1       1
                dataBANK0                            80       80       1A       60       1
                bssBANK0                             60       60       20       60       1
                dataCOMRAM                           55       55        1        1       1
                bssCOMRAM                            40       40       15        1       1
                cinit                              22F0     22F0       54     1178       0
                idataBANK0                         2172     2172       1A     2172       0
                idataCOMRAM                        3000     3000        1     17FE       0

TOTAL           Name                               Link     Load   Length     Space
        CLASS   CODE           
                init                               2FFC     2FFC        4         0
                reset_vec                             0        0        4         0
                text19                             2C58     2C58      390         0
                text18                             25CC     25CC      106         0
                text17                             2858     2858      1B4         0
                text16                             21E0     21E0       3C         0
                text15                             2490     2490       92         0
                text14                             218C     218C       1C         0
                text13                             22A4     22A4       4C         0
                text12                             2148     2148        8         0
                text11                             2150     2150       10         0
                text10                             2160     2160       12         0
                text9                              225E     225E       46         0
                text8                              23A8     23A8       74         0
                text7                              241C     241C       74         0
                text6                              2344     2344       64         0
                text5                              2146     2146        2         0
                text4                              2522     2522       AA         0
                text3                              26D2     26D2      186         0
                text2                              221C     221C       42         0
                text1                              21A8     21A8       38         0
                text0                              2A0C     2A0C      24C         0
                cinit                              22F0     22F0       54         0
                idataBANK0                         2172     2172       1A         0
                idataCOMRAM                        3000     3000        1         0

        CLASS   CONST          

        CLASS   SMALLCONST     

        CLASS   MEDIUMCONST    
                mediumconst                        2FE8     2FE8       14         0

        CLASS   COMRAM         
                cstackCOMRAM                          1        1       3F         1
                dataCOMRAM                           55       55        1         1
                bssCOMRAM                            40       40       15         1

        CLASS   ABS1           

        CLASS   BIGRAM         

        CLASS   RAM            

        CLASS   BANK0          
                dataBANK0                            80       80       1A         1
                bssBANK0                             60       60       20         1

        CLASS   BANK1          

        CLASS   BANK2          

        CLASS   BANK3          

        CLASS   BANK4          

        CLASS   BANK5          

        CLASS   SFR            

        CLASS   BIGSFR         

        CLASS   CONFIG         
                config                           300000   300000        E         4

        CLASS   IDLOC          
                idloc                            200000   200000        8         5

        CLASS   EEDATA         

        CLASS   FARRAM         

        CLASS   HEAP           

        CLASS   STACK          



SEGMENTS        Name                           Load    Length   Top    Selector   Space  Class

                reset_vec                      000000  000004  000004         0       0  CODE    
                cstackCOMRAM                   000001  000055  000056         1       1  COMRAM  
                bssBANK0                       000060  00003A  00009A        60       1  BANK0   
                text5                          002146  000002  002148      10A3       0  CODE    
                text12                         002148  000008  002150      10A4       0  CODE    
                text11                         002150  000010  002160      10A8       0  CODE    
                text10                         002160  000012  002172      10B0       0  CODE    
                idataBANK0                     002172  00001A  00218C      2172       0  CODE    
                text14                         00218C  00001C  0021A8      10C6       0  CODE    
                text1                          0021A8  000038  0021E0      10D4       0  CODE    
                text16                         0021E0  00003C  00221C      10F0       0  CODE    
                text2                          00221C  000042  00225E      110E       0  CODE    
                text9                          00225E  000046  0022A4      112F       0  CODE    
                text13                         0022A4  00004C  0022F0      1152       0  CODE    
                cinit                          0022F0  000054  002344      1178       0  CODE    
                text6                          002344  000064  0023A8      11A2       0  CODE    
                text8                          0023A8  000074  00241C      11D4       0  CODE    
                text7                          00241C  000074  002490      120E       0  CODE    
                text15                         002490  000092  002522      1248       0  CODE    
                text4                          002522  0000AA  0025CC      1291       0  CODE    
                text18                         0025CC  000106  0026D2      12E6       0  CODE    
                text3                          0026D2  000186  002858      1369       0  CODE    
                text17                         002858  0001B4  002A0C      142C       0  CODE    
                text0                          002A0C  00024C  002C58      1506       0  CODE    
                text19                         002C58  000390  002FE8      162C       0  CODE    
                mediumconst                    002FE8  000014  002FFC      17F4       0  MEDIUMCO
                init                           002FFC  000005  003001      17FE       0  CODE    


UNUSED ADDRESS RANGES

        Name                Unused          Largest block    Delta
        BANK0            00009A-0000FF               66
        BANK1            000100-0001FF              100
        BANK2            000200-0002FF              100
        BANK3            000300-0003FF              100
        BANK4            000400-0004FF              100
        BANK5            000500-0005FF              100
        BIGRAM           000056-00005F                A
                         00009A-0005FF              566
        BIGSFR           000D00-000FFF              300
        CODE             000004-002145             2142
        COMRAM           000056-00005F                A
        CONST            000004-002145             2142
        EEDATA           F00000-F000FF              100
        MEDIUMCONST      000600-002145             1B46
        RAM              00009A-0005FF              100
        SFR              000D00-000FFF              100
        SMALLCONST       000600-002145              100

                                  Symbol Table

?___fldiv                          cstackCOMRAM 00000F
?___fltol                          cstackCOMRAM 000028
?___lwdiv                          cstackCOMRAM 000001
?___lwmod                          cstackCOMRAM 000008
?___xxtofl                         cstackCOMRAM 000001
?_read_adc                         cstackCOMRAM 000001
?_sprintf                          cstackCOMRAM 00001F
?_vfprintf                         cstackCOMRAM 000019
_ACQT0                             (abs)        007E03
_ACQT1                             (abs)        007E04
_ACQT2                             (abs)        007E05
_ADCON0                            (abs)        000FC2
_ADCS0                             (abs)        007E00
_ADCS1                             (abs)        007E01
_ADCS2                             (abs)        007E02
_ADFM                              (abs)        007E07
_ADON                              (abs)        007E10
_ADRESH                            (abs)        000FC4
_ADRESL                            (abs)        000FC3
_BRGCON1                           (abs)        000F70
_BRGCON2                           (abs)        000F71
_BRGCON3                           (abs)        000F72
_CANCON                            (abs)        000F6F
_CANSTAT                           (abs)        000F6E
_ECANCON                           (abs)        000F77
_GO                                (abs)        007E11
_GODONE                            (abs)        007E11
_PORTA                             (abs)        000F80
_PORTC                             (abs)        000F82
_PORTD                             (abs)        000F83
_RC0                               (abs)        007C10
_RC1                               (abs)        007C11
_RC2                               (abs)        007C12
_RD7                               (abs)        007C1F
_RXB0CON                           (abs)        000F60
_RXB0CONbits                       (abs)        000F60
_RXB0D0                            (abs)        000F66
_RXB0DLC                           (abs)        000F65
_RXB0FUL                           (abs)        007B07
_RXB0IF                            (abs)        007D20
_RXB0SIDH                          (abs)        000F61
_RXB0SIDL                          (abs)        000F62
_RXFCON0                           (abs)        000DD4
_TRISA                             (abs)        000F92
_TRISB2                            (abs)        007C9A
_TRISB3                            (abs)        007C9B
_TRISC                             (abs)        000F94
_TRISD                             (abs)        000F95
_TRISD7                            (abs)        007CAF
_TXB0D0                            (abs)        000F46
_TXB0DLC                           (abs)        000F45
_TXB0EIDH                          (abs)        000F43
_TXB0EIDL                          (abs)        000F44
_TXB0REQ                           (abs)        007A03
_TXB0SIDH                          (abs)        000F41
_TXB0SIDL                          (abs)        000F42
_VCFG0                             (abs)        007E0C
_VCFG1                             (abs)        007E0D
__HRAM                             (abs)        000000
__H__absolute__                    __absolute__ 000000
__Habs1                            abs1         000000
__Hbank0                           bank0        000000
__Hbank1                           bank1        000000
__Hbank2                           bank2        000000
__Hbank3                           bank3        000000
__Hbank4                           bank4        000000
__Hbank5                           bank5        000000
__Hbigbss                          bigbss       000000
__Hbigdata                         bigdata      000000
__Hbigram                          bigram       000000
__Hbigsfr                          bigsfr       000000
__Hbss                             bss          000000
__HbssBANK0                        bssBANK0     000000
__HbssCOMRAM                       bssCOMRAM    000000
__Hcinit                           cinit        000000
__Hclrtext                         clrtext      000000
__Hcomram                          comram       000000
__Hconfig                          config       30000E
__Hconst                           const        000000
__HcstackCOMRAM                    cstackCOMRAM 000000
__Hdata                            data         000000
__HdataBANK0                       dataBANK0    000000
__HdataCOMRAM                      dataCOMRAM   000000
__Heeprom_data                     eeprom_data  000000
__Hfarbss                          farbss       000000
__Hfardata                         fardata      000000
__Hheap                            heap         000000
__Hibigdata                        ibigdata     000000
__Hidata                           idata        000000
__HidataBANK0                      idataBANK0   000000
__HidataCOMRAM                     idataCOMRAM  000000
__Hidloc                           idloc        200008
__Hifardata                        ifardata     000000
__Hinit                            init         003000
__Hintcode                         intcode      000008
__Hintcode_body                    intcode_body 000000
__Hintcodelo                       intcodelo    000018
__Hintentry                        intentry     000000
__Hintret                          intret       000000
__Hintsave_regs                    intsave_regs 000000
__Hirdata                          irdata       000000
__Hmediumconst                     mediumconst  002FFC
__HnvFARRAM                        nvFARRAM     000000
__Hnvbit                           nvbit        000000
__Hnvrram                          nvrram       000000
__Hparam                           rparam       000000
__Hpowerup                         powerup      000000
__Hram                             ram          000000
__Hramtop                          ramtop       000600
__Hrbit                            rbit         000000
__Hrbss                            rbss         000000
__Hrdata                           rdata        000000
__Hreset_vec                       reset_vec    000004
__Hrparam                          rparam       000000
__Hsfr                             sfr          000000
__Hsivt_hi                         sivt_hi      000000
__Hsivt_lo                         sivt_lo      000018
__Hsmallconst                      smallconst   000000
__Hspace_0                         (abs)        003001
__Hspace_1                         (abs)        00009A
__Hspace_2                         (abs)        000000
__Hspace_4                         (abs)        60000E
__Hstack                           stack        000000
__Hstruct                          struct       000000
__Htemp                            temp         000000
__Htext                            text         000000
__Htext0                           text0        000000
__Htext1                           text1        000000
__Htext10                          text10       000000
__Htext11                          text11       000000
__Htext12                          text12       000000
__Htext13                          text13       000000
__Htext14                          text14       000000
__Htext15                          text15       000000
__Htext16                          text16       000000
__Htext17                          text17       000000
__Htext18                          text18       000000
__Htext19                          text19       000000
__Htext2                           text2        000000
__Htext3                           text3        000000
__Htext4                           text4        000000
__Htext5                           text5        000000
__Htext6                           text6        000000
__Htext7                           text7        000000
__Htext8                           text8        000000
__Htext9                           text9        000000
__LRAM                             (abs)        000001
__L__absolute__                    __absolute__ 000000
__Labs1                            abs1         000000
__Lbank0                           bank0        000000
__Lbank1                           bank1        000000
__Lbank2                           bank2        000000
__Lbank3                           bank3        000000
__Lbank4                           bank4        000000
__Lbank5                           bank5        000000
__Lbigbss                          bigbss       000000
__Lbigdata                         bigdata      000000
__Lbigram                          bigram       000000
__Lbigsfr                          bigsfr       000000
__Lbss                             bss          000000
__LbssBANK0                        bssBANK0     000000
__LbssCOMRAM                       bssCOMRAM    000000
__Lcinit                           cinit        000000
__Lclrtext                         clrtext      000000
__Lcomram                          comram       000000
__Lconfig                          config       000000
__Lconst                           const        000000
__LcstackCOMRAM                    cstackCOMRAM 000000
__Ldata                            data         000000
__LdataBANK0                       dataBANK0    000000
__LdataCOMRAM                      dataCOMRAM   000000
__Leeprom_data                     eeprom_data  000000
__Lfarbss                          farbss       000000
__Lfardata                         fardata      000000
__Lheap                            heap         000000
__Libigdata                        ibigdata     000000
__Lidata                           idata        000000
__LidataBANK0                      idataBANK0   000000
__LidataCOMRAM                     idataCOMRAM  000000
__Lidloc                           idloc        000000
__Lifardata                        ifardata     000000
__Linit                            init         002FFC
__Lintcode                         intcode      000008
__Lintcode_body                    intcode_body 000000
__Lintcodelo                       intcodelo    000018
__Lintentry                        intentry     000000
__Lintret                          intret       000000
__Lintsave_regs                    intsave_regs 000000
__Lirdata                          irdata       000000
__Lmediumconst                     mediumconst  002FE8
__LnvFARRAM                        nvFARRAM     000000
__Lnvbit                           nvbit        000000
__Lnvrram                          nvrram       000000
__Lparam                           rparam       000000
__Lpowerup                         powerup      000000
__Lram                             ram          000000
__Lramtop                          ramtop       000600
__Lrbit                            rbit         000000
__Lrbss                            rbss         000000
__Lrdata                           rdata        000000
__Lreset_vec                       reset_vec    000000
__Lrparam                          rparam       000000
__Lsfr                             sfr          000000
__Lsivt_hi                         sivt_hi      000000
__Lsivt_lo                         sivt_lo      000018
__Lsmallconst                      smallconst   000000
__Lspace_0                         (abs)        000000
__Lspace_1                         (abs)        000000
__Lspace_2                         (abs)        000000
__Lspace_4                         (abs)        000000
__Lstack                           stack        000000
__Lstruct                          struct       000000
__Ltemp                            temp         000000
__Ltext                            text         000000
__Ltext0                           text0        000000
__Ltext1                           text1        000000
__Ltext10                          text10       000000
__Ltext11                          text11       000000
__Ltext12                          text12       000000
__Ltext13                          text13       000000
__Ltext14                          text14       000000
__Ltext15                          text15       000000
__Ltext16                          text16       000000
__Ltext17                          text17       000000
__Ltext18                          text18       000000
__Ltext19                          text19       000000
__Ltext2                           text2        000000
__Ltext3                           text3        000000
__Ltext4                           text4        000000
__Ltext5                           text5        000000
__Ltext6                           text6        000000
__Ltext7                           text7        000000
__Ltext8                           text8        000000
__Ltext9                           text9        000000
__S0                               (abs)        003001
__S1                               (abs)        00009A
__S4                               (abs)        000000
__S5                               (abs)        000000
___fldiv                           text19       002C58
___fldiv@a                         cstackCOMRAM 000013
___fldiv@aexp                      cstackCOMRAM 000027
___fldiv@b                         cstackCOMRAM 00000F
___fldiv@bexp                      cstackCOMRAM 000026
___fldiv@grs                       cstackCOMRAM 000022
___fldiv@new_exp                   cstackCOMRAM 000020
___fldiv@rem                       cstackCOMRAM 00001B
___fldiv@sign                      cstackCOMRAM 00001F
___fltol                           text18       0025CC
___fltol@exp1                      cstackCOMRAM 000031
___fltol@f1                        cstackCOMRAM 000028
___fltol@sign1                     cstackCOMRAM 000030
___heap_hi                         (abs)        000000
___heap_lo                         (abs)        000000
___inthi_sp                        stack        000000
___inthi_stack_hi                  stack        000000
___inthi_stack_lo                  stack        000000
___intlo_sp                        stack        000000
___intlo_stack_hi                  stack        000000
___intlo_stack_lo                  stack        000000
___lwdiv                           text7        00241C
___lwdiv@counter                   cstackCOMRAM 000007
___lwdiv@dividend                  cstackCOMRAM 000001
___lwdiv@divisor                   cstackCOMRAM 000003
___lwdiv@quotient                  cstackCOMRAM 000005
___lwmod                           text6        002344
___lwmod@counter                   cstackCOMRAM 00000C
___lwmod@dividend                  cstackCOMRAM 000008
___lwmod@divisor                   cstackCOMRAM 00000A
___param_bank                      (abs)        000000
___rparam_used                     (abs)        000001
___sp                              stack        000000
___stack_hi                        stack        000000
___stack_lo                        stack        000000
___xxtofl                          text17       002858
___xxtofl@arg                      cstackCOMRAM 00000B
___xxtofl@exp                      cstackCOMRAM 00000A
___xxtofl@sign                     cstackCOMRAM 000009
___xxtofl@val                      cstackCOMRAM 000001
__accesstop                        (abs)        000060
__activetblptr                     (abs)        000002
__end_of___fldiv                   text19       002FE8
__end_of___fltol                   text18       0026D2
__end_of___lwdiv                   text7        002490
__end_of___lwmod                   text6        0023A8
__end_of___xxtofl                  text17       002A0C
__end_of__initialization           cinit        00233A
__end_of_can_transmit              text15       002522
__end_of_fputc                     text4        0025CC
__end_of_init_adc                  text14       0021A8
__end_of_init_can                  text13       0022F0
__end_of_init_config               text10       002172
__end_of_init_digital_keypad       text12       002150
__end_of_init_ssd_control          text11       002160
__end_of_main                      text0        002C58
__end_of_putch                     text5        002148
__end_of_read_adc                  text9        0022A4
__end_of_read_digital_keypad       text8        00241C
__end_of_set_msg_id_std            text16       00221C
__end_of_sprintf                   text1        0021E0
__end_of_vfpfcnvrt                 text3        002858
__end_of_vfprintf                  text2        00225E
__initialization                   cinit        0022F0
__mediumconst                      mediumconst  002FE8
__pbssBANK0                        bssBANK0     000060
__pbssCOMRAM                       bssCOMRAM    000040
__pcinit                           cinit        0022F0
__pcstackCOMRAM                    cstackCOMRAM 000001
__pdataBANK0                       dataBANK0    000080
__pdataCOMRAM                      dataCOMRAM   000055
__pidataBANK0                      idataBANK0   002172
__pidataCOMRAM                     idataCOMRAM  003000
__pmediumconst                     mediumconst  002FE8
__ptext0                           text0        002A0C
__ptext1                           text1        0021A8
__ptext10                          text10       002160
__ptext11                          text11       002150
__ptext12                          text12       002148
__ptext13                          text13       0022A4
__ptext14                          text14       00218C
__ptext15                          text15       002490
__ptext16                          text16       0021E0
__ptext17                          text17       002858
__ptext18                          text18       0025CC
__ptext19                          text19       002C58
__ptext2                           text2        00221C
__ptext3                           text3        0026D2
__ptext4                           text4        002522
__ptext5                           text5        002146
__ptext6                           text6        002344
__ptext7                           text7        00241C
__ptext8                           text8        0023A8
__ptext9                           text9        00225E
__ramtop                           ramtop       000600
__smallconst                       mediumconst  002FE8
_can_transmit                      text15       002490
_count                             bssCOMRAM    000044
_data                              bssCOMRAM    00004D
_dbuf                              bssBANK0     000060
_digit                             dataBANK0    00008E
_flags                             bssCOMRAM    00004C
_fputc                             text4        002522
_gear_p                            dataBANK0    000080
_init_adc                          text14       00218C
_init_can                          text13       0022A4
_init_config                       text10       002160
_init_digital_keypad               text12       002148
_init_ssd_control                  text11       002150
_main                              text0        002A0C
_prec                              bssCOMRAM    00004A
_putch                             text5        002146
_read_adc                          text9        00225E
_read_digital_keypad               text8        0023A8
_set_msg_id_std                    text16       0021E0
_sprintf                           text1        0021A8
_ssd                               bssCOMRAM    000040
_vfpfcnvrt                         text3        0026D2
_vfprintf                          text2        00221C
_width                             bssCOMRAM    000048
can_transmit@data                  cstackCOMRAM 000007
can_transmit@i                     cstackCOMRAM 00000F
can_transmit@len                   cstackCOMRAM 000009
can_transmit@msg_id                cstackCOMRAM 000005
can_transmit@ptr                   cstackCOMRAM 00000D
end_of_initialization              cinit        00233A
fputc@c                            cstackCOMRAM 000001
fputc@fp                           cstackCOMRAM 000003
intlevel0                          text         000000
intlevel1                          text         000000
intlevel2                          text         000000
intlevel3                          text         000000
isa$std                            (abs)        000001
isa$xinst                          (abs)        000000
main@adc_value                     cstackCOMRAM 000034
main@gear                          cstackCOMRAM 00003D
main@gear_pos                      cstackCOMRAM 00003B
main@key                           cstackCOMRAM 00003A
main@pre_speed                     cstackCOMRAM 000038
main@prev_pos                      cstackCOMRAM 000036
main@speed                         cstackCOMRAM 00003E
read_adc@channel                   cstackCOMRAM 000007
read_adc@reg_val                   cstackCOMRAM 000005
read_digital_keypad@detection_type cstackCOMRAM 000001
read_digital_keypad@once           dataCOMRAM   000055
set_msg_id_std@id                  cstackCOMRAM 000001
sprintf@ap                         cstackCOMRAM 000024
sprintf@f                          cstackCOMRAM 000025
sprintf@fmt                        cstackCOMRAM 000020
sprintf@s                          cstackCOMRAM 00001F
stackhi                            (abs)        000000
stacklo                            (abs)        000000
start                              init         002FFC
start_initialization               cinit        0022F0
vfpfcnvrt@ap                       cstackCOMRAM 00000F
vfpfcnvrt@c                        cstackCOMRAM 000018
vfpfcnvrt@convarg                  cstackCOMRAM 000014
vfpfcnvrt@cp                       cstackCOMRAM 000012
vfpfcnvrt@fmt                      cstackCOMRAM 00000E
vfpfcnvrt@fp                       cstackCOMRAM 00000D
vfprintf@ap                        cstackCOMRAM 00001C
vfprintf@cfmt                      cstackCOMRAM 00001D
vfprintf@fmt                       cstackCOMRAM 00001A
vfprintf@fp                        cstackCOMRAM 000019


MODULE INFORMATION

Module		Function		Class		Link	Load	Size
digital_keypad.c
		_init_digital_keypad		CODE           	2148	0000	8
		_read_digital_keypad		CODE           	23A8	0000	116

digital_keypad.c estimated size: 124

C:\Program Files\Microchip\xc8\v3.00\pic\sources\c99\common\nf_fputc.c
		_fputc         		CODE           	2522	0000	170

C:\Program Files\Microchip\xc8\v3.00\pic\sources\c99\common\nf_fputc.c estimated size: 170

C:\Program Files\Microchip\xc8\v3.00\pic\sources\c99\common\nf_sprintf.c
		_sprintf       		CODE           	21A8	0000	56

C:\Program Files\Microchip\xc8\v3.00\pic\sources\c99\common\nf_sprintf.c estimated size: 56

ssd_display.c
		_init_ssd_control		CODE           	2150	0000	16

ssd_display.c estimated size: 16

adc.c
		_init_adc      		CODE           	218C	0000	28
		_read_adc      		CODE           	225E	0000	70

adc.c estimated size: 98

C:\Program Files\Microchip\xc8\v3.00\pic\sources\c99\common\lwmod.c
		___lwmod       		CODE           	2344	0000	100

C:\Program Files\Microchip\xc8\v3.00\pic\sources\c99\common\lwmod.c estimated size: 100

C:\Program Files\Microchip\xc8\v3.00\pic\sources\c99\common\putch.c
		_putch         		CODE           	2146	0000	2

C:\Program Files\Microchip\xc8\v3.00\pic\sources\c99\common\putch.c estimated size: 2

C:\Program Files\Microchip\xc8\v3.00\pic\sources\c99\common\sprcdiv.c
		___fldiv       		CODE           	2C58	0000	912

C:\Program Files\Microchip\xc8\v3.00\pic\sources\c99\common\sprcdiv.c estimated size: 912

shared
		__initialization		CODE           	22F0	0000	74

shared estimated size: 74

C:\Program Files\Microchip\xc8\v3.00\pic\sources\c99\common\xxtofl.c
		___xxtofl      		CODE           	2858	0000	436

C:\Program Files\Microchip\xc8\v3.00\pic\sources\c99\common\xxtofl.c estimated size: 436

can.c
		_set_msg_id_std		CODE           	21E0	0000	60
		_can_transmit  		CODE           	2490	0000	146
		_init_can      		CODE           	22A4	0000	76

can.c estimated size: 282

C:\Program Files\Microchip\xc8\v3.00\pic\sources\c99\common\lwdiv.c
		___lwdiv       		CODE           	241C	0000	116

C:\Program Files\Microchip\xc8\v3.00\pic\sources\c99\common\lwdiv.c estimated size: 116

C:\Program Files\Microchip\xc8\v3.00\pic\sources\c99\common\fltol.c
		___fltol       		CODE           	25CC	0000	262

C:\Program Files\Microchip\xc8\v3.00\pic\sources\c99\common\fltol.c estimated size: 262

main.c
		_main          		CODE           	2A0C	0000	588
		_init_config   		CODE           	2160	0000	18

main.c estimated size: 606

C:\Program Files\Microchip\xc8\v3.00\pic\sources\c99\common\doprnt.c
		_vfpfcnvrt     		CODE           	26D2	0000	390
		_vfprintf      		CODE           	221C	0000	66

C:\Program Files\Microchip\xc8\v3.00\pic\sources\c99\common\doprnt.c estimated size: 456

