Microchip MPLAB XC8 Compiler V3.00

Linker command line:

-W-3 \
  --edf=C:\Program Files\Microchip\xc8\v3.00\pic\dat\20241204225717_en.msgs \
  -cn -h+dist/default/production\ECU1_PROJECT.X.production.sym \
  --cmf=dist/default/production\ECU1_PROJECT.X.production.cmf -z -Q18F4580 \
  -oC:\Users\NUCLEU~1\AppData\Local\Temp\xcAs1cng.\driver_tmp_3.o \
  --defsym=__MPLAB_BUILD=1 --fixupoverflow=error \
  -Mdist/default/production/ECU1_PROJECT.X.production.map \
  --md=C:\Users\NUCLEU~1\AppData\Local\Temp\xcAs1cng.\driver_tmp_0.dat -E1 \
  -ver=XC8 Compiler -ACODE=00h-03000h -ACONST=00h-03000h \
  -ASMALLCONST=0600h-06FFhx42,03000h-03000h -AMEDIUMCONST=0600h-03000h \
  -ACOMRAM=01h-05Fh -AABS1=00h-05FFh -ABIGRAM=01h-05FFh \
  -ARAM=060h-0FFh,0100h-01FFhx5 -ABANK0=060h-0FFh -ABANK1=0100h-01FFh \
  -ABANK2=0200h-02FFh -ABANK3=0300h-03FFh -ABANK4=0400h-04FFh \
  -ABANK5=0500h-05FFh -ASFR=0D00h-0DFFhx2,0F00h-0F5Fh,0F60h-0FFFh \
  -ABIGSFR=0D00h-0FFFh -ACONFIG=0300000h-030000Dh -AIDLOC=0200000h-0200007h \
  -AEEDATA=0F00000h-0F000FFh -peeprom_data=EEDATA \
  -preset_vec=00h,intcode=8h,intcodelo=18h,sivt_lo,sivt_hi=CODE \
  -ppowerup=CODE,init -pramtop=0600h -psmallconst=SMALLCONST \
  -pmediumconst=MEDIUMCONST -pconst=CONST -AFARRAM=00h-00h \
  -prdata=COMRAM,nvrram=COMRAM,nvbit=COMRAM,rbss=COMRAM,rbit=COMRAM \
  -pfarbss=FARRAM,fardata=FARRAM,nvFARRAM=FARRAM \
  -pintsave_regs=BIGRAM,bigbss=BIGRAM,bigdata=BIGRAM -pbss=RAM \
  -pidata=CODE,irdata=CODE,ibigdata=CODE,ifardata=CODE -prparam=COMRAM \
  C:\Users\NUCLEU~1\AppData\Local\Temp\xcAs1cng.\driver_tmp_14.o \
  dist/default/production\ECU1_PROJECT.X.production.o 

Object code version is 3.11

Machine type is 18F4580



                Name                               Link     Load   Length Selector   Space Scale
C:\Users\NUCLEU~1\AppData\Local\Temp\xcAs1cng.\driver_tmp_14.o
                idloc                            200000   200000        8        0       5
                config                           300000   300000        E        0       4
                init                               2FFC     2FFC        4     17FE       0
                reset_vec                             0        0        4        0       0
dist/default/production\ECU1_PROJECT.X.production.o
                idloc                            200000   200000        8        0       5
                config                           300000   300000        E        0       4
                mediumconst                        2FF6     2FF6        6     17FB       0
                text20                             2BD0     2BD0      426     15E8       0
                text19                             23E0     23E0      106     11F0       0
                text18                             266C     266C      1B4     1336       0
                text17                             1FC4     1FC4       3C      FE2       0
                text16                             21DE     21DE       70     10EF       0
                text15                             2116     2116       64     108B       0
                text14                             1F70     1F70       1C      FB8       0
                text13                             20CA     20CA       4C     1065       0
                text12                             1F34     1F34        8      F9A       0
                text11                             1F48     1F48       10      FA4       0
                text10                             1F58     1F58       18      FAC       0
                text9                              2084     2084       46     1042       0
                text8                              224E     224E       74     1127       0
                text7                              22C2     22C2       74     1161       0
                text6                              217A     217A       64     10BD       0
                text5                              1F32     1F32        2      F99       0
                text4                              2336     2336       AA     119B       0
                text3                              24E6     24E6      186     1273       0
                text2                              2000     2000       42     1000       0
                text1                              1F8C     1F8C       38      FC6       0
                text0                              2820     2820      3B0     1410       0
                cstackCOMRAM                          1        1       44        1       1
                bssBANK0                             60       60       20       60       1
                dataCOMRAM                           50       50        B        1       1
                bssCOMRAM                            45       45        B        1       1
                cinit                              2042     2042       42     1021       0
                idataCOMRAM                        1F3D     1F3D        B     1F3D       0

TOTAL           Name                               Link     Load   Length     Space
        CLASS   CODE           
                init                               2FFC     2FFC        4         0
                reset_vec                             0        0        4         0
                text20                             2BD0     2BD0      426         0
                text19                             23E0     23E0      106         0
                text18                             266C     266C      1B4         0
                text17                             1FC4     1FC4       3C         0
                text16                             21DE     21DE       70         0
                text15                             2116     2116       64         0
                text14                             1F70     1F70       1C         0
                text13                             20CA     20CA       4C         0
                text12                             1F34     1F34        8         0
                text11                             1F48     1F48       10         0
                text10                             1F58     1F58       18         0
                text9                              2084     2084       46         0
                text8                              224E     224E       74         0
                text7                              22C2     22C2       74         0
                text6                              217A     217A       64         0
                text5                              1F32     1F32        2         0
                text4                              2336     2336       AA         0
                text3                              24E6     24E6      186         0
                text2                              2000     2000       42         0
                text1                              1F8C     1F8C       38         0
                text0                              2820     2820      3B0         0
                cinit                              2042     2042       42         0
                idataCOMRAM                        1F3D     1F3D        B         0

        CLASS   CONST          

        CLASS   SMALLCONST     

        CLASS   MEDIUMCONST    
                mediumconst                        2FF6     2FF6        6         0

        CLASS   COMRAM         
                cstackCOMRAM                          1        1       44         1
                dataCOMRAM                           50       50        B         1
                bssCOMRAM                            45       45        B         1

        CLASS   ABS1           

        CLASS   BIGRAM         

        CLASS   RAM            

        CLASS   BANK0          
                bssBANK0                             60       60       20         1

        CLASS   BANK1          

        CLASS   BANK2          

        CLASS   BANK3          

        CLASS   BANK4          

        CLASS   BANK5          

        CLASS   SFR            

        CLASS   BIGSFR         

        CLASS   CONFIG         
                config                           300000   300000        E         4

        CLASS   IDLOC          
                idloc                            200000   200000        8         5

        CLASS   EEDATA         

        CLASS   FARRAM         

        CLASS   HEAP           

        CLASS   STACK          



SEGMENTS        Name                           Load    Length   Top    Selector   Space  Class

                reset_vec                      000000  000004  000004         0       0  CODE    
                cstackCOMRAM                   000001  00005A  00005B         1       1  COMRAM  
                bssBANK0                       000060  000020  000080        60       1  BANK0   
                text5                          001F32  000002  001F34       F99       0  CODE    
                text12                         001F34  000008  001F3C       F9A       0  CODE    
                idataCOMRAM                    001F3D  00000B  001F48      1F3D       0  CODE    
                text11                         001F48  000010  001F58       FA4       0  CODE    
                text10                         001F58  000018  001F70       FAC       0  CODE    
                text14                         001F70  00001C  001F8C       FB8       0  CODE    
                text1                          001F8C  000038  001FC4       FC6       0  CODE    
                text17                         001FC4  00003C  002000       FE2       0  CODE    
                text2                          002000  000042  002042      1000       0  CODE    
                cinit                          002042  000042  002084      1021       0  CODE    
                text9                          002084  000046  0020CA      1042       0  CODE    
                text13                         0020CA  00004C  002116      1065       0  CODE    
                text15                         002116  000064  00217A      108B       0  CODE    
                text6                          00217A  000064  0021DE      10BD       0  CODE    
                text16                         0021DE  000070  00224E      10EF       0  CODE    
                text8                          00224E  000074  0022C2      1127       0  CODE    
                text7                          0022C2  000074  002336      1161       0  CODE    
                text4                          002336  0000AA  0023E0      119B       0  CODE    
                text19                         0023E0  000106  0024E6      11F0       0  CODE    
                text3                          0024E6  000186  00266C      1273       0  CODE    
                text18                         00266C  0001B4  002820      1336       0  CODE    
                text0                          002820  0003B0  002BD0      1410       0  CODE    
                text20                         002BD0  000426  002FF6      15E8       0  CODE    
                mediumconst                    002FF6  000006  002FFC      17FB       0  MEDIUMCO
                init                           002FFC  000004  003000      17FE       0  CODE    


UNUSED ADDRESS RANGES

        Name                Unused          Largest block    Delta
        BANK0            000080-0000FF               80
        BANK1            000100-0001FF              100
        BANK2            000200-0002FF              100
        BANK3            000300-0003FF              100
        BANK4            000400-0004FF              100
        BANK5            000500-0005FF              100
        BIGRAM           00005B-00005F                5
                         000080-0005FF              580
        BIGSFR           000D00-000FFF              300
        CODE             000004-001F31             1F2E
                         001F3C-001F3C                1
                         003000-003000                1
        COMRAM           00005B-00005F                5
        CONST            000004-001F31             1F2E
                         001F3C-001F3C                1
                         003000-003000                1
        EEDATA           F00000-F000FF              100
        MEDIUMCONST      000600-001F31             1932
                         001F3C-001F3C                1
                         003000-003000                1
        RAM              000080-0005FF              100
        SFR              000D00-000FFF              100
        SMALLCONST       000600-001F31              100
                         001F3C-001F3C                1
                         003000-003000                1

                                  Symbol Table

?___flmul                          cstackCOMRAM 00000F
?___fltol                          cstackCOMRAM 000028
?___lwdiv                          cstackCOMRAM 000001
?___lwmod                          cstackCOMRAM 000008
?___xxtofl                         cstackCOMRAM 000001
?_read_adc                         cstackCOMRAM 000001
?_sprintf                          cstackCOMRAM 00001F
?_vfprintf                         cstackCOMRAM 000019
_ACQT0                             (abs)        007E03
_ACQT1                             (abs)        007E04
_ACQT2                             (abs)        007E05
_ADCON0                            (abs)        000FC2
_ADCS0                             (abs)        007E00
_ADCS1                             (abs)        007E01
_ADCS2                             (abs)        007E02
_ADFM                              (abs)        007E07
_ADON                              (abs)        007E10
_ADRESH                            (abs)        000FC4
_ADRESL                            (abs)        000FC3
_BRGCON1                           (abs)        000F70
_BRGCON2                           (abs)        000F71
_BRGCON3                           (abs)        000F72
_CANCON                            (abs)        000F6F
_CANSTAT                           (abs)        000F6E
_ECANCON                           (abs)        000F77
_GO                                (abs)        007E11
_GODONE                            (abs)        007E11
_PORTA                             (abs)        000F80
_PORTB                             (abs)        000F81
_PORTC                             (abs)        000F82
_PORTD                             (abs)        000F83
_RB0                               (abs)        007C08
_RB1                               (abs)        007C09
_RB6                               (abs)        007C0E
_RB7                               (abs)        007C0F
_RC0                               (abs)        007C10
_RC1                               (abs)        007C11
_RC2                               (abs)        007C12
_RD7                               (abs)        007C1F
_RXB0CON                           (abs)        000F60
_RXB0CONbits                       (abs)        000F60
_RXB0D0                            (abs)        000F66
_RXB0DLC                           (abs)        000F65
_RXB0FUL                           (abs)        007B07
_RXB0IF                            (abs)        007D20
_RXB0SIDH                          (abs)        000F61
_RXB0SIDL                          (abs)        000F62
_RXFCON0                           (abs)        000DD4
_TRISA                             (abs)        000F92
_TRISB                             (abs)        000F93
_TRISB2                            (abs)        007C9A
_TRISB3                            (abs)        007C9B
_TRISC                             (abs)        000F94
_TRISD                             (abs)        000F95
_TRISD7                            (abs)        007CAF
_TXB0D0                            (abs)        000F46
_TXB0DLC                           (abs)        000F45
_TXB0EIDH                          (abs)        000F43
_TXB0EIDL                          (abs)        000F44
_TXB0REQ                           (abs)        007A03
_TXB0SIDH                          (abs)        000F41
_TXB0SIDL                          (abs)        000F42
_VCFG0                             (abs)        007E0C
_VCFG1                             (abs)        007E0D
__HRAM                             (abs)        000000
__H__absolute__                    __absolute__ 000000
__Habs1                            abs1         000000
__Hbank0                           bank0        000000
__Hbank1                           bank1        000000
__Hbank2                           bank2        000000
__Hbank3                           bank3        000000
__Hbank4                           bank4        000000
__Hbank5                           bank5        000000
__Hbigbss                          bigbss       000000
__Hbigdata                         bigdata      000000
__Hbigram                          bigram       000000
__Hbigsfr                          bigsfr       000000
__Hbss                             bss          000000
__HbssBANK0                        bssBANK0     000000
__HbssCOMRAM                       bssCOMRAM    000000
__Hcinit                           cinit        000000
__Hclrtext                         clrtext      000000
__Hcomram                          comram       000000
__Hconfig                          config       30000E
__Hconst                           const        000000
__HcstackCOMRAM                    cstackCOMRAM 000000
__Hdata                            data         000000
__HdataCOMRAM                      dataCOMRAM   000000
__Heeprom_data                     eeprom_data  000000
__Hfarbss                          farbss       000000
__Hfardata                         fardata      000000
__Hheap                            heap         000000
__Hibigdata                        ibigdata     000000
__Hidata                           idata        000000
__HidataCOMRAM                     idataCOMRAM  000000
__Hidloc                           idloc        200008
__Hifardata                        ifardata     000000
__Hinit                            init         003000
__Hintcode                         intcode      000008
__Hintcode_body                    intcode_body 000000
__Hintcodelo                       intcodelo    000018
__Hintentry                        intentry     000000
__Hintret                          intret       000000
__Hintsave_regs                    intsave_regs 000000
__Hirdata                          irdata       000000
__Hmediumconst                     mediumconst  002FFC
__HnvFARRAM                        nvFARRAM     000000
__Hnvbit                           nvbit        000000
__Hnvrram                          nvrram       000000
__Hparam                           rparam       000000
__Hpowerup                         powerup      000000
__Hram                             ram          000000
__Hramtop                          ramtop       000600
__Hrbit                            rbit         000000
__Hrbss                            rbss         000000
__Hrdata                           rdata        000000
__Hreset_vec                       reset_vec    000004
__Hrparam                          rparam       000000
__Hsfr                             sfr          000000
__Hsivt_hi                         sivt_hi      000000
__Hsivt_lo                         sivt_lo      000018
__Hsmallconst                      smallconst   000000
__Hspace_0                         (abs)        003000
__Hspace_1                         (abs)        000080
__Hspace_2                         (abs)        000000
__Hspace_4                         (abs)        60000E
__Hstack                           stack        000000
__Hstruct                          struct       000000
__Htemp                            temp         000000
__Htext                            text         000000
__Htext0                           text0        000000
__Htext1                           text1        000000
__Htext10                          text10       000000
__Htext11                          text11       000000
__Htext12                          text12       000000
__Htext13                          text13       000000
__Htext14                          text14       000000
__Htext15                          text15       000000
__Htext16                          text16       000000
__Htext17                          text17       000000
__Htext18                          text18       000000
__Htext19                          text19       000000
__Htext2                           text2        000000
__Htext20                          text20       000000
__Htext3                           text3        000000
__Htext4                           text4        000000
__Htext5                           text5        000000
__Htext6                           text6        000000
__Htext7                           text7        000000
__Htext8                           text8        000000
__Htext9                           text9        000000
__LRAM                             (abs)        000001
__L__absolute__                    __absolute__ 000000
__Labs1                            abs1         000000
__Lbank0                           bank0        000000
__Lbank1                           bank1        000000
__Lbank2                           bank2        000000
__Lbank3                           bank3        000000
__Lbank4                           bank4        000000
__Lbank5                           bank5        000000
__Lbigbss                          bigbss       000000
__Lbigdata                         bigdata      000000
__Lbigram                          bigram       000000
__Lbigsfr                          bigsfr       000000
__Lbss                             bss          000000
__LbssBANK0                        bssBANK0     000000
__LbssCOMRAM                       bssCOMRAM    000000
__Lcinit                           cinit        000000
__Lclrtext                         clrtext      000000
__Lcomram                          comram       000000
__Lconfig                          config       000000
__Lconst                           const        000000
__LcstackCOMRAM                    cstackCOMRAM 000000
__Ldata                            data         000000
__LdataCOMRAM                      dataCOMRAM   000000
__Leeprom_data                     eeprom_data  000000
__Lfarbss                          farbss       000000
__Lfardata                         fardata      000000
__Lheap                            heap         000000
__Libigdata                        ibigdata     000000
__Lidata                           idata        000000
__LidataCOMRAM                     idataCOMRAM  000000
__Lidloc                           idloc        000000
__Lifardata                        ifardata     000000
__Linit                            init         002FFC
__Lintcode                         intcode      000008
__Lintcode_body                    intcode_body 000000
__Lintcodelo                       intcodelo    000018
__Lintentry                        intentry     000000
__Lintret                          intret       000000
__Lintsave_regs                    intsave_regs 000000
__Lirdata                          irdata       000000
__Lmediumconst                     mediumconst  002FF6
__LnvFARRAM                        nvFARRAM     000000
__Lnvbit                           nvbit        000000
__Lnvrram                          nvrram       000000
__Lparam                           rparam       000000
__Lpowerup                         powerup      000000
__Lram                             ram          000000
__Lramtop                          ramtop       000600
__Lrbit                            rbit         000000
__Lrbss                            rbss         000000
__Lrdata                           rdata        000000
__Lreset_vec                       reset_vec    000000
__Lrparam                          rparam       000000
__Lsfr                             sfr          000000
__Lsivt_hi                         sivt_hi      000000
__Lsivt_lo                         sivt_lo      000018
__Lsmallconst                      smallconst   000000
__Lspace_0                         (abs)        000000
__Lspace_1                         (abs)        000000
__Lspace_2                         (abs)        000000
__Lspace_4                         (abs)        000000
__Lstack                           stack        000000
__Lstruct                          struct       000000
__Ltemp                            temp         000000
__Ltext                            text         000000
__Ltext0                           text0        000000
__Ltext1                           text1        000000
__Ltext10                          text10       000000
__Ltext11                          text11       000000
__Ltext12                          text12       000000
__Ltext13                          text13       000000
__Ltext14                          text14       000000
__Ltext15                          text15       000000
__Ltext16                          text16       000000
__Ltext17                          text17       000000
__Ltext18                          text18       000000
__Ltext19                          text19       000000
__Ltext2                           text2        000000
__Ltext20                          text20       000000
__Ltext3                           text3        000000
__Ltext4                           text4        000000
__Ltext5                           text5        000000
__Ltext6                           text6        000000
__Ltext7                           text7        000000
__Ltext8                           text8        000000
__Ltext9                           text9        000000
__S0                               (abs)        003000
__S1                               (abs)        000080
__S4                               (abs)        000000
__S5                               (abs)        000000
___flmul                           text20       002BD0
___flmul@a                         cstackCOMRAM 000013
___flmul@aexp                      cstackCOMRAM 000020
___flmul@b                         cstackCOMRAM 00000F
___flmul@bexp                      cstackCOMRAM 000021
___flmul@grs                       cstackCOMRAM 00001C
___flmul@prod                      cstackCOMRAM 000022
___flmul@sign                      cstackCOMRAM 00001B
___flmul@temp                      cstackCOMRAM 000026
___fltol                           text19       0023E0
___fltol@exp1                      cstackCOMRAM 000031
___fltol@f1                        cstackCOMRAM 000028
___fltol@sign1                     cstackCOMRAM 000030
___heap_hi                         (abs)        000000
___heap_lo                         (abs)        000000
___inthi_sp                        stack        000000
___inthi_stack_hi                  stack        000000
___inthi_stack_lo                  stack        000000
___intlo_sp                        stack        000000
___intlo_stack_hi                  stack        000000
___intlo_stack_lo                  stack        000000
___lwdiv                           text7        0022C2
___lwdiv@counter                   cstackCOMRAM 000007
___lwdiv@dividend                  cstackCOMRAM 000001
___lwdiv@divisor                   cstackCOMRAM 000003
___lwdiv@quotient                  cstackCOMRAM 000005
___lwmod                           text6        00217A
___lwmod@counter                   cstackCOMRAM 00000C
___lwmod@dividend                  cstackCOMRAM 000008
___lwmod@divisor                   cstackCOMRAM 00000A
___param_bank                      (abs)        000000
___rparam_used                     (abs)        000001
___sp                              stack        000000
___stack_hi                        stack        000000
___stack_lo                        stack        000000
___xxtofl                          text18       00266C
___xxtofl@arg                      cstackCOMRAM 00000B
___xxtofl@exp                      cstackCOMRAM 00000A
___xxtofl@sign                     cstackCOMRAM 000009
___xxtofl@val                      cstackCOMRAM 000001
__accesstop                        (abs)        000060
__activetblptr                     (abs)        000002
__end_of___flmul                   text20       002FF6
__end_of___fltol                   text19       0024E6
__end_of___lwdiv                   text7        002336
__end_of___lwmod                   text6        0021DE
__end_of___xxtofl                  text18       002820
__end_of__initialization           cinit        00207A
__end_of_can_transmit              text16       00224E
__end_of_display                   text15       00217A
__end_of_fputc                     text4        0023E0
__end_of_init_adc                  text14       001F8C
__end_of_init_can                  text13       002116
__end_of_init_config               text10       001F70
__end_of_init_digital_keypad       text12       001F3C
__end_of_init_ssd_control          text11       001F58
__end_of_main                      text0        002BD0
__end_of_putch                     text5        001F34
__end_of_read_adc                  text9        0020CA
__end_of_read_digital_keypad       text8        0022C2
__end_of_set_msg_id_std            text17       002000
__end_of_sprintf                   text1        001FC4
__end_of_vfpfcnvrt                 text3        00266C
__end_of_vfprintf                  text2        002042
__initialization                   cinit        002042
__mediumconst                      mediumconst  002FF6
__pbssBANK0                        bssBANK0     000060
__pbssCOMRAM                       bssCOMRAM    000045
__pcinit                           cinit        002042
__pcstackCOMRAM                    cstackCOMRAM 000001
__pdataCOMRAM                      dataCOMRAM   000050
__pidataCOMRAM                     idataCOMRAM  001F3D
__pmediumconst                     mediumconst  002FF6
__ptext0                           text0        002820
__ptext1                           text1        001F8C
__ptext10                          text10       001F58
__ptext11                          text11       001F48
__ptext12                          text12       001F34
__ptext13                          text13       0020CA
__ptext14                          text14       001F70
__ptext15                          text15       002116
__ptext16                          text16       0021DE
__ptext17                          text17       001FC4
__ptext18                          text18       00266C
__ptext19                          text19       0023E0
__ptext2                           text2        002000
__ptext20                          text20       002BD0
__ptext3                           text3        0024E6
__ptext4                           text4        002336
__ptext5                           text5        001F32
__ptext6                           text6        00217A
__ptext7                           text7        0022C2
__ptext8                           text8        00224E
__ptext9                           text9        002084
__ramtop                           ramtop       000600
__smallconst                       mediumconst  002FF6
_can_transmit                      text16       0021DE
_dbuf                              bssBANK0     000060
_delay                             bssCOMRAM    000049
_digit                             dataCOMRAM   000050
_display                           text15       002116
_flags                             bssCOMRAM    00004B
_fputc                             text4        002336
_init_adc                          text14       001F70
_init_can                          text13       0020CA
_init_config                       text10       001F58
_init_digital_keypad               text12       001F34
_init_ssd_control                  text11       001F48
_main                              text0        002820
_prec                              bssCOMRAM    000047
_putch                             text5        001F32
_read_adc                          text9        002084
_read_digital_keypad               text8        00224E
_set_msg_id_std                    text17       001FC4
_sprintf                           text1        001F8C
_ssd                               bssCOMRAM    00004C
_vfpfcnvrt                         text3        0024E6
_vfprintf                          text2        002000
_width                             bssCOMRAM    000045
can_transmit@data                  cstackCOMRAM 000007
can_transmit@i                     cstackCOMRAM 00000E
can_transmit@len                   cstackCOMRAM 000008
can_transmit@msg_id                cstackCOMRAM 000005
can_transmit@ptr                   cstackCOMRAM 00000C
display@data                       cstackCOMRAM 000001
display@digit                      cstackCOMRAM 000006
display@wait                       cstackCOMRAM 000004
end_of_initialization              cinit        00207A
fputc@c                            cstackCOMRAM 000001
fputc@fp                           cstackCOMRAM 000003
intlevel0                          text         000000
intlevel1                          text         000000
intlevel2                          text         000000
intlevel3                          text         000000
isa$std                            (abs)        000001
isa$xinst                          (abs)        000000
main@RPM                           cstackCOMRAM 000043
main@adc_value                     cstackCOMRAM 00003A
main@data                          cstackCOMRAM 000032
main@flag                          cstackCOMRAM 000041
main@key                           cstackCOMRAM 000040
main@prev_RPM                      cstackCOMRAM 00003E
main@prev_flag                     cstackCOMRAM 00003C
read_adc@channel                   cstackCOMRAM 000007
read_adc@reg_val                   cstackCOMRAM 000005
read_digital_keypad@detection_type cstackCOMRAM 000001
read_digital_keypad@once           dataCOMRAM   00005A
set_msg_id_std@id                  cstackCOMRAM 000001
sprintf@ap                         cstackCOMRAM 000024
sprintf@f                          cstackCOMRAM 000025
sprintf@fmt                        cstackCOMRAM 000020
sprintf@s                          cstackCOMRAM 00001F
stackhi                            (abs)        000000
stacklo                            (abs)        000000
start                              init         002FFC
start_initialization               cinit        002042
vfpfcnvrt@ap                       cstackCOMRAM 00000F
vfpfcnvrt@c                        cstackCOMRAM 000018
vfpfcnvrt@convarg                  cstackCOMRAM 000014
vfpfcnvrt@cp                       cstackCOMRAM 000012
vfpfcnvrt@fmt                      cstackCOMRAM 00000E
vfpfcnvrt@fp                       cstackCOMRAM 00000D
vfprintf@ap                        cstackCOMRAM 00001C
vfprintf@cfmt                      cstackCOMRAM 00001D
vfprintf@fmt                       cstackCOMRAM 00001A
vfprintf@fp                        cstackCOMRAM 000019


MODULE INFORMATION

Module		Function		Class		Link	Load	Size
digital_keypad.c
		_init_digital_keypad		CODE           	1F34	0000	8
		_read_digital_keypad		CODE           	224E	0000	116

digital_keypad.c estimated size: 124

C:\Program Files\Microchip\xc8\v3.00\pic\sources\c99\common\nf_fputc.c
		_fputc         		CODE           	2336	0000	170

C:\Program Files\Microchip\xc8\v3.00\pic\sources\c99\common\nf_fputc.c estimated size: 170

C:\Program Files\Microchip\xc8\v3.00\pic\sources\c99\common\nf_sprintf.c
		_sprintf       		CODE           	1F8C	0000	56

C:\Program Files\Microchip\xc8\v3.00\pic\sources\c99\common\nf_sprintf.c estimated size: 56

ssd_display.c
		_display       		CODE           	2116	0000	100
		_init_ssd_control		CODE           	1F48	0000	16

ssd_display.c estimated size: 116

adc.c
		_init_adc      		CODE           	1F70	0000	28
		_read_adc      		CODE           	2084	0000	70

adc.c estimated size: 98

C:\Program Files\Microchip\xc8\v3.00\pic\sources\c99\common\lwmod.c
		___lwmod       		CODE           	217A	0000	100

C:\Program Files\Microchip\xc8\v3.00\pic\sources\c99\common\lwmod.c estimated size: 100

C:\Program Files\Microchip\xc8\v3.00\pic\sources\c99\common\putch.c
		_putch         		CODE           	1F32	0000	2

C:\Program Files\Microchip\xc8\v3.00\pic\sources\c99\common\putch.c estimated size: 2

C:\Program Files\Microchip\xc8\v3.00\pic\sources\c99\common\sprcmul.c
		___flmul       		CODE           	2BD0	0000	1062

C:\Program Files\Microchip\xc8\v3.00\pic\sources\c99\common\sprcmul.c estimated size: 1062

shared
		__initialization		CODE           	2042	0000	56

shared estimated size: 56

C:\Program Files\Microchip\xc8\v3.00\pic\sources\c99\common\xxtofl.c
		___xxtofl      		CODE           	266C	0000	436

C:\Program Files\Microchip\xc8\v3.00\pic\sources\c99\common\xxtofl.c estimated size: 436

can.c
		_set_msg_id_std		CODE           	1FC4	0000	60
		_can_transmit  		CODE           	21DE	0000	112
		_init_can      		CODE           	20CA	0000	76

can.c estimated size: 248

C:\Program Files\Microchip\xc8\v3.00\pic\sources\c99\common\lwdiv.c
		___lwdiv       		CODE           	22C2	0000	116

C:\Program Files\Microchip\xc8\v3.00\pic\sources\c99\common\lwdiv.c estimated size: 116

C:\Program Files\Microchip\xc8\v3.00\pic\sources\c99\common\fltol.c
		___fltol       		CODE           	23E0	0000	262

C:\Program Files\Microchip\xc8\v3.00\pic\sources\c99\common\fltol.c estimated size: 262

main.c
		_main          		CODE           	2820	0000	944
		_init_config   		CODE           	1F58	0000	24

main.c estimated size: 968

C:\Program Files\Microchip\xc8\v3.00\pic\sources\c99\common\doprnt.c
		_vfpfcnvrt     		CODE           	24E6	0000	390
		_vfprintf      		CODE           	2000	0000	66

C:\Program Files\Microchip\xc8\v3.00\pic\sources\c99\common\doprnt.c estimated size: 456

